Microchip MPLAB XC8 Compiler V2.36

Linker command line:

-W-3 --edf=C:\Program Files\Microchip\xc8\v2.36\pic\dat\en_msgs.txt -cn \
  -h+dist/default/production\PF.X.production.sym \
  --cmf=dist/default/production\PF.X.production.cmf -z -Q18F46K40 \
  -oC:\Users\57304\AppData\Local\Temp\xcAsnio.4 --defsym=__MPLAB_BUILD=1 \
  -Mdist/default/production/PF.X.production.map \
  --md=C:\Users\57304\AppData\Local\Temp\xcAsnio.dat -E1 -ver=XC8 Compiler \
  --acfsm=1493 -ACODE=00h-0FFFFh -ACONST=00h-0FFFFh \
  -ASMALLCONST=0F00h-0FFFhx241 -AMEDIUMCONST=0F00h-0FFFFh -ACOMRAM=01h-05Fh \
  -AABS1=00h-0E87h -ABIGRAM=01h-0E87h \
  -ARAM=060h-0FFh,0100h-01FFhx13,0E00h-0E87h -ABANK0=060h-0FFh \
  -ABANK1=0100h-01FFh -ABANK2=0200h-02FFh -ABANK3=0300h-03FFh \
  -ABANK4=0400h-04FFh -ABANK5=0500h-05FFh -ABANK6=0600h-06FFh \
  -ABANK7=0700h-07FFh -ABANK8=0800h-08FFh -ABANK9=0900h-09FFh \
  -ABANK10=0A00h-0AFFh -ABANK11=0B00h-0BFFh -ABANK12=0C00h-0CFFh \
  -ABANK13=0D00h-0DFFh -ABANK14=0E00h-0E87h \
  -ASFR=0E8Dh-0EFFh,0F00h-0F5Fh,0F60h-0FFFh -ABIGSFR=0E8Dh-0FFFh \
  -ACONFIG=0300000h-030000Bh -AIDLOC=0200000h-020000Fh \
  -AEEDATA=0310000h-03103FFh -peeprom_data=EEDATA \
  -preset_vec=00h,intcode=08h,intcodelo,powerup,init -pramtop=0F00h \
  -psmallconst=SMALLCONST -pmediumconst=MEDIUMCONST -pconst=CONST \
  -AFARRAM=00h-00h \
  -prdata=COMRAM,nvrram=COMRAM,nvbit=COMRAM,rbss=COMRAM,rbit=COMRAM \
  -pfarbss=FARRAM,fardata=FARRAM,nvFARRAM=FARRAM \
  -pintsave_regs=BIGRAM,bigbss=BIGRAM,bigdata=BIGRAM -pbss=RAM \
  -pidata=CODE,irdata=CODE,ibigdata=CODE,ifardata=CODE -prparam=COMRAM \
  C:\Users\57304\AppData\Local\Temp\xcAsnio.o \
  dist/default/production\PF.X.production.o 

Object code version is 3.11

Machine type is 18F46K40



                Name                               Link     Load   Length Selector   Space Scale
C:\Users\57304\AppData\Local\Temp\xcAsnio.o
                idloc                            200000   200000       10        0       5
                config                           300000   300000        C        0       4
                init                                 D2       D2        4        4       0
                reset_vec                             0        0        4        0       0
dist/default/production\PF.X.production.o
                intcode                               8        8       CA        4       0
                idloc                            200000   200000       10        0       5
                config                           300000   300000        C        0       4
                temp                                 59       59        1        1       1
                smallconst                          F00      F00        6      780       0
                text37                             173A     173A       24      783       0
                text36                             1868     1868        2      783       0
                text35                             1660     1660       30      783       0
                text34                             16EC     16EC       2A      783       0
                text33                             1856     1856        6      783       0
                text32                             1866     1866        2      783       0
                text31                             1850     1850        6      783       0
                text30                             11DE     11DE       B6      783       0
                text29                             15AE     15AE       42      783       0
                text27                             150E     150E       52      783       0
                text26                             14B6     14B6       58      783       0
                text25                             17EE     17EE       16      783       0
                text24                              F06      F06      1F2      783       0
                text23                             1294     1294       B0      783       0
                text22                             17BA     17BA       1C      783       0
                text21                             15F0     15F0       3A      783       0
                text20                             1560     1560       4E      783       0
                text19                             1846     1846        A      783       0
                text18                             1454     1454       62      783       0
                text17                             183C     183C        A      783       0
                text16                             1832     1832        A      783       0
                text15                             1828     1828        A      783       0
                text14                             181E     181E        A      783       0
                text13                             1814     1814        A      783       0
                text12                             13DA     13DA       7A      783       0
                text11                             1860     1860        4      783       0
                text10                             17D6     17D6       18      783       0
                text9                              1344     1344       96      783       0
                text8                              179E     179E       1C      783       0
                text7                              1716     1716       24      783       0
                text6                              1780     1780       1E      783       0
                text5                              175E     175E       22      783       0
                text4                              185C     185C        4      783       0
                text3                              16BE     16BE       2E      783       0
                text2                              1804     1804       10      783       0
                text1                              162A     162A       36      783       0
                text0                              10F8     10F8       E6      783       0
                cstackCOMRAM                         2E       2E       1C        1       1
                dataCOMRAM                           57       57        2        1       1
                bssCOMRAM                             1        1       2D        1       1
                cinit                              1690     1690       2E      783       0
                nvCOMRAM                             4A       4A        D        1       1
                idataCOMRAM                        1864     1864        2      783       0

TOTAL           Name                               Link     Load   Length     Space
        CLASS   CODE           
                intcode                               8        8       CA         0
                init                                 D2       D2        4         0
                reset_vec                             0        0        4         0
                text37                             173A     173A       24         0
                text36                             1868     1868        2         0
                text35                             1660     1660       30         0
                text34                             16EC     16EC       2A         0
                text33                             1856     1856        6         0
                text32                             1866     1866        2         0
                text31                             1850     1850        6         0
                text30                             11DE     11DE       B6         0
                text29                             15AE     15AE       42         0
                text27                             150E     150E       52         0
                text26                             14B6     14B6       58         0
                text25                             17EE     17EE       16         0
                text24                              F06      F06      1F2         0
                text23                             1294     1294       B0         0
                text22                             17BA     17BA       1C         0
                text21                             15F0     15F0       3A         0
                text20                             1560     1560       4E         0
                text19                             1846     1846        A         0
                text18                             1454     1454       62         0
                text17                             183C     183C        A         0
                text16                             1832     1832        A         0
                text15                             1828     1828        A         0
                text14                             181E     181E        A         0
                text13                             1814     1814        A         0
                text12                             13DA     13DA       7A         0
                text11                             1860     1860        4         0
                text10                             17D6     17D6       18         0
                text9                              1344     1344       96         0
                text8                              179E     179E       1C         0
                text7                              1716     1716       24         0
                text6                              1780     1780       1E         0
                text5                              175E     175E       22         0
                text4                              185C     185C        4         0
                text3                              16BE     16BE       2E         0
                text2                              1804     1804       10         0
                text1                              162A     162A       36         0
                text0                              10F8     10F8       E6         0
                cinit                              1690     1690       2E         0
                idataCOMRAM                        1864     1864        2         0

        CLASS   CONST          

        CLASS   SMALLCONST     
                smallconst                          F00      F00        6         0

        CLASS   MEDIUMCONST    

        CLASS   COMRAM         
                temp                                 59       59        1         1
                cstackCOMRAM                         2E       2E       1C         1
                dataCOMRAM                           57       57        2         1
                bssCOMRAM                             1        1       2D         1
                nvCOMRAM                             4A       4A        D         1

        CLASS   ABS1           

        CLASS   BIGRAM         

        CLASS   RAM            

        CLASS   BANK0          

        CLASS   BANK1          

        CLASS   BANK2          

        CLASS   BANK3          

        CLASS   BANK4          

        CLASS   BANK5          

        CLASS   BANK6          

        CLASS   BANK7          

        CLASS   BANK8          

        CLASS   BANK9          

        CLASS   BANK10         

        CLASS   BANK11         

        CLASS   BANK12         

        CLASS   BANK13         

        CLASS   BANK14         

        CLASS   SFR            

        CLASS   BIGSFR         

        CLASS   CONFIG         
                config                           300000   300000        C         4

        CLASS   IDLOC          
                idloc                            200000   200000       10         5

        CLASS   EEDATA         

        CLASS   FARRAM         

        CLASS   HEAP           

        CLASS   STACK          



SEGMENTS        Name                           Load    Length   Top    Selector   Space  Class

                reset_vec                      000000  000004  000004         0       0  CODE    
                bssCOMRAM                      000001  000059  00005A         1       1  COMRAM  
                intcode                        000008  0000CE  0000D6         4       0  CODE    
                smallconst                     000F00  000006  000F06       780       0  SMALLCON
                text24                         000F06  000964  00186A       783       0  CODE    


UNUSED ADDRESS RANGES

        Name                Unused          Largest block    Delta
        BANK0            000060-0000FF               A0
        BANK1            000100-0001FF              100
        BANK10           000A00-000AFF              100
        BANK11           000B00-000BFF              100
        BANK12           000C00-000CFF              100
        BANK13           000D00-000DFF              100
        BANK14           000E00-000E87               88
        BANK2            000200-0002FF              100
        BANK3            000300-0003FF              100
        BANK4            000400-0004FF              100
        BANK5            000500-0005FF              100
        BANK6            000600-0006FF              100
        BANK7            000700-0007FF              100
        BANK8            000800-0008FF              100
        BANK9            000900-0009FF              100
        BIGRAM           00005A-000E87              E2E
        BIGSFR           000E8D-000FFF              173
        CODE             000004-000007                4
                         0000D6-000EFF              E2A
                         00186A-00FFFF             E796
        COMRAM           00005A-00005F                6
        CONST            000004-000007                4
                         0000D6-000EFF              E2A
                         00186A-00FFFF             E796
        EEDATA           310000-3103FF              400
        MEDIUMCONST      00186A-00FFFF             E796
        RAM              000060-000E87              100
        SFR              000E8D-000FFF               73
        SMALLCONST       00186A-00FFFF              100

                                  Symbol Table

ADCC_SetADIInterruptHandler@InterruptHandler    cstackCOMRAM 000034
EUSART1_Read@readValue                          cstackCOMRAM 000034
EUSART1_SetErrorHandler@interruptHandler        cstackCOMRAM 000034
EUSART1_SetFramingErrorHandler@interruptHandler cstackCOMRAM 000034
EUSART1_SetOverrunErrorHandler@interruptHandler cstackCOMRAM 000034
EUSART1_SetRxInterruptHandler@interruptHandler  cstackCOMRAM 000034
EUSART1_SetTxInterruptHandler@interruptHandler  cstackCOMRAM 000034
EUSART1_Write@txData                            cstackCOMRAM 000034
PalabraRecepcion@datorx                         cstackCOMRAM 000039
PalabraRecepcion@rec                            cstackCOMRAM 000035
SPI1_ExchangeByte@data                          cstackCOMRAM 000034
SPI1_Open@spi1UniqueConfiguration               cstackCOMRAM 000035
SPI1_WriteBlock@block                           cstackCOMRAM 000035
SPI1_WriteBlock@blockSize                       cstackCOMRAM 000037
SPI1_WriteBlock@data                            cstackCOMRAM 000039
SPI_W@adc12bits                                 cstackCOMRAM 00003F
SPI_W@convertedValue                            cstackCOMRAM 00003B
SPI_W@data                                      cstackCOMRAM 000041
_ADACCH                                         (abs)        000F71
_ADACCL                                         (abs)        000F70
_ADACQ                                          (abs)        000F5C
_ADACT                                          (abs)        000F56
_ADCAP                                          (abs)        000F5D
_ADCC_ADI_InterruptHandler                      nvCOMRAM     00004A
_ADCC_DefaultInterruptHandler                   text36       001868
_ADCC_ISR                                       text35       001660
_ADCC_Initialize                                text18       001454
_ADCC_SetADIInterruptHandler                    text19       001846
_ADCLK                                          (abs)        000F57
_ADCNT                                          (abs)        000F67
_ADCON0                                         (abs)        000F60
_ADCON0bits                                     (abs)        000F60
_ADCON1                                         (abs)        000F59
_ADCON1bits                                     (abs)        000F59
_ADCON2                                         (abs)        000F5A
_ADCON2bits                                     (abs)        000F5A
_ADCON3                                         (abs)        000F5B
_ADCON3bits                                     (abs)        000F5B
_ADERRH                                         (abs)        000F6F
_ADERRL                                         (abs)        000F6E
_ADFLTRH                                        (abs)        000F73
_ADFLTRL                                        (abs)        000F72
_ADLTHH                                         (abs)        000F6B
_ADLTHL                                         (abs)        000F6A
_ADPCH                                          (abs)        000F5F
_ADPRE                                          (abs)        000F5E
_ADPREVH                                        (abs)        000F62
_ADPREVL                                        (abs)        000F61
_ADREF                                          (abs)        000F58
_ADRESH                                         (abs)        000F64
_ADRESL                                         (abs)        000F63
_ADRPT                                          (abs)        000F66
_ADSTAT                                         (abs)        000F65
_ADSTATbits                                     (abs)        000F65
_ADSTPTH                                        (abs)        000F69
_ADSTPTL                                        (abs)        000F68
_ADUTHH                                         (abs)        000F6D
_ADUTHL                                         (abs)        000F6C
_ANSELA                                         (abs)        000F11
_ANSELB                                         (abs)        000F19
_ANSELC                                         (abs)        000F21
_ANSELD                                         (abs)        000F26
_ANSELE                                         (abs)        000F2E
_BAUD1CON                                       (abs)        000F9F
_CC                                             bssCOMRAM    00001F
_EUSART1_DefaultErrorHandler                    text33       001856
_EUSART1_DefaultFramingErrorHandler             text32       001866
_EUSART1_DefaultOverrunErrorHandler             text31       001850
_EUSART1_ErrorHandler                           nvCOMRAM     00004C
_EUSART1_FramingErrorHandler                    nvCOMRAM     000050
_EUSART1_Initialize                             text12       0013DA
_EUSART1_OverrunErrorHandler                    nvCOMRAM     00004E
_EUSART1_Read                                   text27       00150E
_EUSART1_Receive_ISR                            text30       0011DE
_EUSART1_RxDataHandler                          text34       0016EC
_EUSART1_RxDefaultInterruptHandler              nvCOMRAM     000052
_EUSART1_SetErrorHandler                        text17       00183C
_EUSART1_SetFramingErrorHandler                 text16       001832
_EUSART1_SetOverrunErrorHandler                 text15       001828
_EUSART1_SetRxInterruptHandler                  text14       00181E
_EUSART1_SetTxInterruptHandler                  text13       001814
_EUSART1_Transmit_ISR                           text29       0015AE
_EUSART1_TxDefaultInterruptHandler              nvCOMRAM     000054
_EUSART1_Write                                  text26       0014B6
_EUSART1_is_rx_ready                            text25       0017EE
_INLVLA                                         (abs)        000F0D
_INLVLB                                         (abs)        000F15
_INLVLC                                         (abs)        000F1D
_INLVLD                                         (abs)        000F22
_INLVLE                                         (abs)        000F2A
_INTCONbits                                     (abs)        000FF2
_INTEPT                                         bssCOMRAM    000025
_INTERRUPT_Initialize                           text11       001860
_INTERRUPT_InterruptManager                     intcode      000008
_LATA                                           (abs)        000F83
_LATB                                           (abs)        000F84
_LATC                                           (abs)        000F85
_LATD                                           (abs)        000F86
_LATE                                           (abs)        000F87
_ODCONA                                         (abs)        000F0F
_ODCONB                                         (abs)        000F17
_ODCONC                                         (abs)        000F1F
_ODCOND                                         (abs)        000F24
_ODCONE                                         (abs)        000F2C
_OSCCON1                                        (abs)        000ED8
_OSCCON3                                        (abs)        000EDA
_OSCEN                                          (abs)        000EDC
_OSCFRQ                                         (abs)        000EDE
_OSCILLATOR_Initialize                          text10       0017D6
_OSCTUNE                                        (abs)        000EDD
_PIE1bits                                       (abs)        000EC3
_PIE3bits                                       (abs)        000EC5
_PIN_MANAGER_Initialize                         text9        001344
_PIR1bits                                       (abs)        000ECB
_PIR3bits                                       (abs)        000ECD
_PIR4bits                                       (abs)        000ECE
_PMD0                                           (abs)        000EE1
_PMD1                                           (abs)        000EE2
_PMD2                                           (abs)        000EE3
_PMD3                                           (abs)        000EE4
_PMD4                                           (abs)        000EE5
_PMD5                                           (abs)        000EE6
_PMD_Initialize                                 text8        00179E
_PR2                                            (abs)        000FBC
_PalabraRecepcion                               text24       000F06
_RB4                                            (abs)        007C74
_RC1REG                                         (abs)        000F99
_RC1STA                                         (abs)        000F9D
_RC1STAbits                                     (abs)        000F9D
_RC3PPS                                         (abs)        000EFA
_RC5PPS                                         (abs)        000EFC
_RC7PPS                                         (abs)        000EFE
_RE0                                            (abs)        007C88
_RX1PPS                                         (abs)        000EB5
_SLRCONA                                        (abs)        000F0E
_SLRCONB                                        (abs)        000F16
_SLRCONC                                        (abs)        000F1E
_SLRCOND                                        (abs)        000F23
_SLRCONE                                        (abs)        000F2B
_SP1BRGH                                        (abs)        000F9C
_SP1BRGL                                        (abs)        000F9B
_SPI1_ExchangeByte                              text22       0017BA
_SPI1_Initialize                                text7        001716
_SPI1_Open                                      text23       001294
_SPI1_WriteBlock                                text21       0015F0
_SPI_W                                          text20       001560
_SSP1ADD                                        (abs)        000F93
_SSP1BUF                                        (abs)        000F92
_SSP1CLKPPS                                     (abs)        000EB7
_SSP1CON1                                       (abs)        000F96
_SSP1CON1bits                                   (abs)        000F96
_SSP1CON2                                       (abs)        000F97
_SSP1DATPPS                                     (abs)        000EB8
_SSP1STAT                                       (abs)        000F95
_SYSTEM_Initialize                              text5        00175E
_T2CLKCON                                       (abs)        000FBF
_T2CON                                          (abs)        000FBD
_T2CONbits                                      (abs)        000FBD
_T2HLT                                          (abs)        000FBE
_T2HLTbits                                      (abs)        000FBE
_T2PR                                           (abs)        000FBC
_T2RST                                          (abs)        000FC0
_T2RSTbits                                      (abs)        000FC0
_T2TMR                                          (abs)        000FBB
_TMR2                                           (abs)        000FBB
_TMR2_Initialize                                text6        001780
_TMR2_Start                                     text4        00185C
_TRISA                                          (abs)        000F88
_TRISB                                          (abs)        000F89
_TRISC                                          (abs)        000F8A
_TRISCbits                                      (abs)        000F8A
_TRISD                                          (abs)        000F8B
_TRISE                                          (abs)        000F8C
_TX1REG                                         (abs)        000F9A
_TX1STA                                         (abs)        000F9E
_TX1STAbits                                     (abs)        000F9E
_WPUA                                           (abs)        000F10
_WPUB                                           (abs)        000F18
_WPUC                                           (abs)        000F20
_WPUD                                           (abs)        000F25
_WPUE                                           (abs)        000F2D
__HRAM                                          (abs)        000000
__Habs1                                         abs1         000000
__Hbank0                                        bank0        000000
__Hbank1                                        bank1        000000
__Hbank10                                       bank10       000000
__Hbank11                                       bank11       000000
__Hbank12                                       bank12       000000
__Hbank13                                       bank13       000000
__Hbank14                                       bank14       000000
__Hbank2                                        bank2        000000
__Hbank3                                        bank3        000000
__Hbank4                                        bank4        000000
__Hbank5                                        bank5        000000
__Hbank6                                        bank6        000000
__Hbank7                                        bank7        000000
__Hbank8                                        bank8        000000
__Hbank9                                        bank9        000000
__Hbigbss                                       bigbss       000000
__Hbigdata                                      bigdata      000000
__Hbigram                                       bigram       000000
__Hbigsfr                                       bigsfr       000000
__Hbss                                          bss          000000
__HbssCOMRAM                                    bssCOMRAM    000000
__Hcinit                                        cinit        000000
__Hclrtext                                      clrtext      000000
__Hcomram                                       comram       000000
__Hconfig                                       config       30000C
__Hconst                                        const        000000
__HcstackCOMRAM                                 cstackCOMRAM 000000
__Hdata                                         data         000000
__HdataCOMRAM                                   dataCOMRAM   000000
__Heeprom_data                                  eeprom_data  000000
__Hfarbss                                       farbss       000000
__Hfardata                                      fardata      000000
__Hheap                                         heap         000000
__Hibigdata                                     ibigdata     000000
__Hidata                                        idata        000000
__HidataCOMRAM                                  idataCOMRAM  000000
__Hidloc                                        idloc        200010
__Hifardata                                     ifardata     000000
__Hinit                                         init         0000D6
__Hintcode                                      intcode      0000D2
__Hintcode_body                                 intcode_body 000000
__Hintcodelo                                    intcodelo    0000D2
__Hintentry                                     intentry     000000
__Hintret                                       intret       000000
__Hintsave_regs                                 intsave_regs 000000
__Hirdata                                       irdata       000000
__Hmediumconst                                  mediumconst  000000
__HnvCOMRAM                                     nvCOMRAM     000000
__HnvFARRAM                                     nvFARRAM     000000
__Hnvbit                                        nvbit        000000
__Hnvrram                                       nvrram       000000
__Hparam                                        rparam       000000
__Hpowerup                                      powerup      0000D2
__Hram                                          ram          000000
__Hramtop                                       ramtop       000F00
__Hrbit                                         rbit         000000
__Hrbss                                         rbss         000000
__Hrdata                                        rdata        000000
__Hreset_vec                                    reset_vec    000004
__Hrparam                                       rparam       000000
__Hsfr                                          sfr          000000
__Hsmallconst                                   smallconst   000F06
__Hspace_0                                      (abs)        00186A
__Hspace_1                                      (abs)        00005A
__Hspace_2                                      (abs)        000000
__Hspace_4                                      (abs)        60000C
__Hstack                                        stack        000000
__Hstruct                                       struct       000000
__Htemp                                         temp         00005A
__Htext                                         text         000000
__Htext0                                        text0        000000
__Htext1                                        text1        000000
__Htext10                                       text10       000000
__Htext11                                       text11       000000
__Htext12                                       text12       000000
__Htext13                                       text13       000000
__Htext14                                       text14       000000
__Htext15                                       text15       000000
__Htext16                                       text16       000000
__Htext17                                       text17       000000
__Htext18                                       text18       000000
__Htext19                                       text19       000000
__Htext2                                        text2        000000
__Htext20                                       text20       000000
__Htext21                                       text21       000000
__Htext22                                       text22       000000
__Htext23                                       text23       000000
__Htext24                                       text24       000000
__Htext25                                       text25       000000
__Htext26                                       text26       000000
__Htext27                                       text27       000000
__Htext29                                       text29       000000
__Htext3                                        text3        000000
__Htext30                                       text30       000000
__Htext31                                       text31       000000
__Htext32                                       text32       000000
__Htext33                                       text33       000000
__Htext34                                       text34       000000
__Htext35                                       text35       000000
__Htext36                                       text36       000000
__Htext37                                       text37       000000
__Htext38                                       text38       000000
__Htext4                                        text4        000000
__Htext5                                        text5        000000
__Htext6                                        text6        000000
__Htext7                                        text7        000000
__Htext8                                        text8        000000
__Htext9                                        text9        000000
__LRAM                                          (abs)        000001
__Labs1                                         abs1         000000
__Lbank0                                        bank0        000000
__Lbank1                                        bank1        000000
__Lbank10                                       bank10       000000
__Lbank11                                       bank11       000000
__Lbank12                                       bank12       000000
__Lbank13                                       bank13       000000
__Lbank14                                       bank14       000000
__Lbank2                                        bank2        000000
__Lbank3                                        bank3        000000
__Lbank4                                        bank4        000000
__Lbank5                                        bank5        000000
__Lbank6                                        bank6        000000
__Lbank7                                        bank7        000000
__Lbank8                                        bank8        000000
__Lbank9                                        bank9        000000
__Lbigbss                                       bigbss       000000
__Lbigdata                                      bigdata      000000
__Lbigram                                       bigram       000000
__Lbigsfr                                       bigsfr       000000
__Lbss                                          bss          000000
__LbssCOMRAM                                    bssCOMRAM    000000
__Lcinit                                        cinit        000000
__Lclrtext                                      clrtext      000000
__Lcomram                                       comram       000000
__Lconfig                                       config       000000
__Lconst                                        const        000000
__LcstackCOMRAM                                 cstackCOMRAM 000000
__Ldata                                         data         000000
__LdataCOMRAM                                   dataCOMRAM   000000
__Leeprom_data                                  eeprom_data  000000
__Lfarbss                                       farbss       000000
__Lfardata                                      fardata      000000
__Lheap                                         heap         000000
__Libigdata                                     ibigdata     000000
__Lidata                                        idata        000000
__LidataCOMRAM                                  idataCOMRAM  000000
__Lidloc                                        idloc        000000
__Lifardata                                     ifardata     000000
__Linit                                         init         0000D2
__Lintcode                                      intcode      000008
__Lintcode_body                                 intcode_body 000000
__Lintcodelo                                    intcodelo    0000D2
__Lintentry                                     intentry     000000
__Lintret                                       intret       000000
__Lintsave_regs                                 intsave_regs 000000
__Lirdata                                       irdata       000000
__Lmediumconst                                  mediumconst  000000
__LnvCOMRAM                                     nvCOMRAM     000000
__LnvFARRAM                                     nvFARRAM     000000
__Lnvbit                                        nvbit        000000
__Lnvrram                                       nvrram       000000
__Lparam                                        rparam       000000
__Lpowerup                                      powerup      0000D2
__Lram                                          ram          000000
__Lramtop                                       ramtop       000F00
__Lrbit                                         rbit         000000
__Lrbss                                         rbss         000000
__Lrdata                                        rdata        000000
__Lreset_vec                                    reset_vec    000000
__Lrparam                                       rparam       000000
__Lsfr                                          sfr          000000
__Lsmallconst                                   smallconst   000F00
__Lspace_0                                      (abs)        000000
__Lspace_1                                      (abs)        000000
__Lspace_2                                      (abs)        000000
__Lspace_4                                      (abs)        000000
__Lstack                                        stack        000000
__Lstruct                                       struct       000000
__Ltemp                                         temp         000059
__Ltext                                         text         000000
__Ltext0                                        text0        000000
__Ltext1                                        text1        000000
__Ltext10                                       text10       000000
__Ltext11                                       text11       000000
__Ltext12                                       text12       000000
__Ltext13                                       text13       000000
__Ltext14                                       text14       000000
__Ltext15                                       text15       000000
__Ltext16                                       text16       000000
__Ltext17                                       text17       000000
__Ltext18                                       text18       000000
__Ltext19                                       text19       000000
__Ltext2                                        text2        000000
__Ltext20                                       text20       000000
__Ltext21                                       text21       000000
__Ltext22                                       text22       000000
__Ltext23                                       text23       000000
__Ltext24                                       text24       000000
__Ltext25                                       text25       000000
__Ltext26                                       text26       000000
__Ltext27                                       text27       000000
__Ltext29                                       text29       000000
__Ltext3                                        text3        000000
__Ltext30                                       text30       000000
__Ltext31                                       text31       000000
__Ltext32                                       text32       000000
__Ltext33                                       text33       000000
__Ltext34                                       text34       000000
__Ltext35                                       text35       000000
__Ltext36                                       text36       000000
__Ltext37                                       text37       000000
__Ltext38                                       text38       000000
__Ltext4                                        text4        000000
__Ltext5                                        text5        000000
__Ltext6                                        text6        000000
__Ltext7                                        text7        000000
__Ltext8                                        text8        000000
__Ltext9                                        text9        000000
__S0                                            (abs)        00186A
__S1                                            (abs)        00005A
__S4                                            (abs)        000000
__S5                                            (abs)        000000
___heap_hi                                      (abs)        000000
___heap_lo                                      (abs)        000000
___inthi_sp                                     stack        000000
___intlo_sp                                     stack        000000
___param_bank                                   (abs)        000000
___rparam_used                                  (abs)        000001
___sp                                           stack        000000
__accesstop                                     (abs)        000060
__activetblptr                                  (abs)        000003
__end_of_ADCC_DefaultInterruptHandler           text36       00186A
__end_of_ADCC_ISR                               text35       001690
__end_of_ADCC_Initialize                        text18       0014B6
__end_of_ADCC_SetADIInterruptHandler            text19       001850
__end_of_EUSART1_DefaultErrorHandler            text33       00185C
__end_of_EUSART1_DefaultFramingErrorHandler     text32       001868
__end_of_EUSART1_DefaultOverrunErrorHandler     text31       001856
__end_of_EUSART1_Initialize                     text12       001454
__end_of_EUSART1_Read                           text27       001560
__end_of_EUSART1_Receive_ISR                    text30       001294
__end_of_EUSART1_RxDataHandler                  text34       001716
__end_of_EUSART1_SetErrorHandler                text17       001846
__end_of_EUSART1_SetFramingErrorHandler         text16       00183C
__end_of_EUSART1_SetOverrunErrorHandler         text15       001832
__end_of_EUSART1_SetRxInterruptHandler          text14       001828
__end_of_EUSART1_SetTxInterruptHandler          text13       00181E
__end_of_EUSART1_Transmit_ISR                   text29       0015F0
__end_of_EUSART1_Write                          text26       00150E
__end_of_EUSART1_is_rx_ready                    text25       001804
__end_of_INTERRUPT_Initialize                   text11       001864
__end_of_INTERRUPT_InterruptManager             intcode      0000D2
__end_of_OSCILLATOR_Initialize                  text10       0017EE
__end_of_PIN_MANAGER_Initialize                 text9        0013DA
__end_of_PMD_Initialize                         text8        0017BA
__end_of_PalabraRecepcion                       text24       0010F8
__end_of_SPI1_ExchangeByte                      text22       0017D6
__end_of_SPI1_Initialize                        text7        00173A
__end_of_SPI1_Open                              text23       001344
__end_of_SPI1_WriteBlock                        text21       00162A
__end_of_SPI_W                                  text20       0015AE
__end_of_SYSTEM_Initialize                      text5        001780
__end_of_TMR2_Initialize                        text6        00179E
__end_of_TMR2_Start                             text4        001860
__end_of__initialization                        cinit        0016B4
__end_of_fin_adc                                text37       00175E
__end_of_inicializarRecepcion                   text3        0016EC
__end_of_main                                   text0        0011DE
__end_of_retorneNumero                          text2        001814
__end_of_spi1_configuration                     smallconst   000F05
__end_of_tengocambiodefdM                       text1        001660
__initialization                                cinit        001690
__mediumconst                                   mediumconst  000000
__pbssCOMRAM                                    bssCOMRAM    000001
__pcinit                                        cinit        001690
__pcstackCOMRAM                                 cstackCOMRAM 00002E
__pdataCOMRAM                                   dataCOMRAM   000057
__pidataCOMRAM                                  idataCOMRAM  001864
__pintcode                                      intcode      000008
__pnvCOMRAM                                     nvCOMRAM     00004A
__psmallconst                                   smallconst   000F00
__ptext0                                        text0        0010F8
__ptext1                                        text1        00162A
__ptext10                                       text10       0017D6
__ptext11                                       text11       001860
__ptext12                                       text12       0013DA
__ptext13                                       text13       001814
__ptext14                                       text14       00181E
__ptext15                                       text15       001828
__ptext16                                       text16       001832
__ptext17                                       text17       00183C
__ptext18                                       text18       001454
__ptext19                                       text19       001846
__ptext2                                        text2        001804
__ptext20                                       text20       001560
__ptext21                                       text21       0015F0
__ptext22                                       text22       0017BA
__ptext23                                       text23       001294
__ptext24                                       text24       000F06
__ptext25                                       text25       0017EE
__ptext26                                       text26       0014B6
__ptext27                                       text27       00150E
__ptext29                                       text29       0015AE
__ptext3                                        text3        0016BE
__ptext30                                       text30       0011DE
__ptext31                                       text31       001850
__ptext32                                       text32       001866
__ptext33                                       text33       001856
__ptext34                                       text34       0016EC
__ptext35                                       text35       001660
__ptext36                                       text36       001868
__ptext37                                       text37       00173A
__ptext38                                       text38       000000
__ptext4                                        text4        00185C
__ptext5                                        text5        00175E
__ptext6                                        text6        001780
__ptext7                                        text7        001716
__ptext8                                        text8        00179E
__ptext9                                        text9        001344
__ramtop                                        ramtop       000F00
__smallconst                                    smallconst   000F00
_adc12bits                                      bssCOMRAM    00001B
_bloque                                         bssCOMRAM    00002C
_convertedValue                                 bssCOMRAM    00001D
_datos                                          bssCOMRAM    000019
_eusart1RxBuffer                                bssCOMRAM    000009
_eusart1RxCount                                 bssCOMRAM    000027
_eusart1RxHead                                  bssCOMRAM    000029
_eusart1RxLastError                             bssCOMRAM    000026
_eusart1RxStatusBuffer                          bssCOMRAM    000001
_eusart1RxTail                                  bssCOMRAM    000028
_eusart1TxBuffer                                bssCOMRAM    000011
_eusart1TxBufferRemaining                       nvCOMRAM     000056
_eusart1TxHead                                  bssCOMRAM    00002B
_eusart1TxTail                                  bssCOMRAM    00002A
_fin_adc                                        text37       00173A
_inicializarRecepcion                           text3        0016BE
_main                                           text0        0010F8
_ok                                             bssCOMRAM    000023
_pp                                             bssCOMRAM    000021
_retorneNumero                                  text2        001804
_select                                         dataCOMRAM   000057
_spi1_configuration                             smallconst   000F01
_tengo_dato_serial                              bssCOMRAM    000024
_tengocambiodefdM                               text1        00162A
btemp                                           temp         000059
end_of_initialization                           cinit        0016B4
inicializarRecepcion@rec                        cstackCOMRAM 000034
int$flags                                       temp         000059
intlevel0                                       text         000000
intlevel1                                       text         000000
intlevel2                                       text         000000
intlevel3                                       text         000000
isa$std                                         (abs)        000001
isa$xinst                                       (abs)        000000
main@rece                                       cstackCOMRAM 000044
retorneNumero@rec                               cstackCOMRAM 000034
stackhi                                         (abs)        000000
stacklo                                         (abs)        000000
start                                           init         0000D2
start_initialization                            cinit        001690
tengocambiodefdM@rec                            cstackCOMRAM 000034
ttemp5                                          temp         00005A
ttemp6                                          temp         00005D
ttemp7                                          temp         000061
wtemp8                                          temp         00005A


MODULE INFORMATION

Module		Function		Class		Link	Load	Size
mcc_generated_files/tmr2.c
		_TMR2_Initialize		CODE           	1780	0000	30
		_TMR2_Start    		CODE           	185C	0000	4

mcc_generated_files/tmr2.c estimated size: 34

mcc_generated_files/interrupt_manager.c
		_INTERRUPT_Initialize		CODE           	1860	0000	4
		_INTERRUPT_InterruptManager		CODE           	0008	0000	202

mcc_generated_files/interrupt_manager.c estimated size: 206

mcc_generated_files/pin_manager.c
		_PIN_MANAGER_Initialize		CODE           	1344	0000	150

mcc_generated_files/pin_manager.c estimated size: 150

mcc_generated_files/spi1.c
		_SPI1_WriteBlock		CODE           	15F0	0000	58
		_SPI1_Open     		CODE           	1294	0000	176
		_SPI1_Initialize		CODE           	1716	0000	36
		_SPI1_ExchangeByte		CODE           	17BA	0000	28

mcc_generated_files/spi1.c estimated size: 298

ESTADO.c
		_inicializarRecepcion		CODE           	16BE	0000	46
		_retorneNumero 		CODE           	1804	0000	16
		_tengocambiodefdM		CODE           	162A	0000	54
		_PalabraRecepcion		CODE           	0F06	0000	498

ESTADO.c estimated size: 614

shared
		__initialization		CODE           	1690	0000	36
		_spi1_configuration		SMALLCONST     	0F01	0000	4

shared estimated size: 40

mcc_generated_files/eusart1.c
		_EUSART1_SetRxInterruptHandler		CODE           	181E	0000	10
		_EUSART1_SetTxInterruptHandler		CODE           	1814	0000	10
		_EUSART1_is_rx_ready		CODE           	17EE	0000	22
		_EUSART1_Initialize		CODE           	13DA	0000	122
		_EUSART1_DefaultErrorHandler		CODE           	1856	0000	6
		_EUSART1_SetFramingErrorHandler		CODE           	1832	0000	10
		_EUSART1_Read  		CODE           	150E	0000	82
		_EUSART1_SetOverrunErrorHandler		CODE           	1828	0000	10
		_EUSART1_SetErrorHandler		CODE           	183C	0000	10
		_EUSART1_Write 		CODE           	14B6	0000	88
		_EUSART1_Receive_ISR		CODE           	11DE	0000	182
		_EUSART1_RxDataHandler		CODE           	16EC	0000	42
		_EUSART1_DefaultOverrunErrorHandler		CODE           	1850	0000	6
		_EUSART1_Transmit_ISR		CODE           	15AE	0000	66
		_EUSART1_DefaultFramingErrorHandler		CODE           	1866	0000	2

mcc_generated_files/eusart1.c estimated size: 668

mcc_generated_files/mcc.c
		_PMD_Initialize		CODE           	179E	0000	28
		_OSCILLATOR_Initialize		CODE           	17D6	0000	24
		_SYSTEM_Initialize		CODE           	175E	0000	34

mcc_generated_files/mcc.c estimated size: 86

mcc_generated_files/adcc.c
		_ADCC_DefaultInterruptHandler		CODE           	1868	0000	2
		_ADCC_SetADIInterruptHandler		CODE           	1846	0000	10
		_ADCC_ISR      		CODE           	1660	0000	48
		_ADCC_Initialize		CODE           	1454	0000	98

mcc_generated_files/adcc.c estimated size: 158

main.c
		_main          		CODE           	10F8	0000	230
		_fin_adc       		CODE           	173A	0000	36
		_SPI_W         		CODE           	1560	0000	78

main.c estimated size: 344

